Read	.target.size "/etc/install.inf" -1
Read	.probe.architecture "i386"
Read	.probe.has_apm true
Read	.probe.has_pcmcia false
Read	.probe.has_smp false
Read	.probe.system []
Read	.target.tmpdir "/tmp/"
Read	.sysconfig.console.CONSOLE_FONT ""
Read	.sysconfig.console.CONSOLE_SCREENMAP ""
Read	.sysconfig.console.CONSOLE_UNICODEMAP ""
Read	.sysconfig.console.CONSOLE_MAGIC ""
Read	.sysconfig.console.CONSOLE_ENCODING ""
Read	.etc.install_inf.Cmdline ""
Read	.proc.cpuinfo.value.0."flags" ""
Read	.probe.memory []
Read	.probe.cpu []
Read	.probe.floppy.manual []
Read	.probe.cdrom.manual []
Read	.target.string "/boot/grub/device.map" "(hd0) /dev/hda\n(hd1)   /dev/ida/c0d0\n(fd0)   /dev/fd0\n"
Return	[["(hd0)", "/dev/hda"], ["(hd1)", "/dev/ida/c0d0"], ["(fd0)", "/dev/fd0"]]
Return	[$["changed":false, "key":"title", "value":"sectlabel"], $["changed":false, "key":"root", "value":"(hd0,1)"], $["changed":false, "key":"chainloader", "value":"+1"], $["changed":false, "key":"makeactive", "value":true]]
Return	[$["changed":false, "key":"title", "value":"section2"], $["changed":false, "key":"kernel", "value":"(hd0,0)/vmlinuz root=/dev/hda3 vga=789 append_opts"], $["changed":false, "key":"initrd", "value":"(hd0,0)/initrd"]]
Return	[$["changed":false, "key":"title", "value":"section2"], $["changed":false, "key":"kernel", "value":"(hd0,0)/vmlinuz root=/dev/hda3 vga=789 append_opts"]]
Dump	====================================================
Return	[$["changed":false, "key":"label", "value":"section"], $["changed":false, "key":"other", "value":"/dev/hda3"]]
Return	[$["changed":false, "key":"label", "value":"section"], $["changed":false, "key":"optional", "value":true], $["changed":false, "key":"root", "value":"/dev/hda3"], $["changed":false, "key":"vga", "value":"789"], $["changed":false, "key":"image", "value":"/boot/vmlinuz"], $["changed":false, "key":"append", "value":"app_opt1 app_opt2"]]
Return	[$["changed":false, "key":"label", "value":"section"], $["changed":false, "key":"optional", "value":true], $["changed":false, "key":"root", "value":"/dev/hda3"], $["changed":false, "key":"image", "value":"/vmlinuz"], $["changed":false, "key":"append", "value":"app_opt1 app_opt2"]]
Return	[$["changed":false, "key":"label", "value":"section"], $["changed":false, "key":"initrd", "value":"/boot/initrd"], $["changed":false, "key":"optional", "value":true], $["changed":false, "key":"root", "value":"/dev/hda3"], $["changed":false, "key":"vga", "value":"789"], $["changed":false, "key":"image", "value":"/boot/vmlinuz"], $["changed":false, "key":"append", "value":"app_opt1 app_opt2"]]
Dump	====================================================
Return	[$["changed":false, "key":"message", "value":"/boot/message"], $["changed":false, "key":"timeout", "value":80], $["changed":false, "key":"prompt", "value":true]]
Return	[$["changed":false, "key":"message", "value":"/boot/message"], $["changed":false, "key":"timeout", "value":80], $["changed":false, "key":"prompt", "value":false]]
Dump	====================================================
Return	[$["changed":false, "key":"gfxmenu", "value":"(hd0,0)/message"], $["changed":false, "key":"timeout", "value":8], $["changed":false, "key":"hiddenmenu", "value":true]]
Return	[$["changed":false, "key":"gfxmenu", "value":"(hd0,0)/message"], $["changed":false, "key":"timeout", "value":8], $["changed":false, "key":"hiddenmenu", "value":false]]
