Read	.probe.architecture "i386"
Read	.probe.has_apm true
Read	.probe.has_pcmcia false
Read	.probe.has_smp false
Read	.probe.system []
Read	.target.size "/etc/install.inf" -1
Read	.target.tmpdir "/tmp/"
Read	.etc.install_inf.Cmdline ""
Read	.proc.cpuinfo.value.0."flags" ""
Read	.probe.memory []
Read	.probe.cpu []
Read	.probe.floppy.manual []
Read	.probe.cdrom.manual []
Read	.sysconfig.console.CONSOLE_FONT ""
Read	.sysconfig.console.CONSOLE_SCREENMAP ""
Read	.sysconfig.console.CONSOLE_UNICODEMAP ""
Read	.sysconfig.console.CONSOLE_MAGIC ""
Read	.sysconfig.console.CONSOLE_ENCODING ""
Read	.target.tmpdir "/tmp/"
Dump	======================================
Return	."entry1"."entry2"."entry3"
Return	."entry1"
Return	.
Dump	======================================
Return	[`b]
Return	[]
Return	[`a, `b, `c]
Return	[]
Return	[]
Dump	======================================
Return	qwqwe
Return	asdasdwasdasdwe
Return	qqweqwewqweqweqwe
Return	qaassddwaassddqwe
Dump	======================================
Return	>>Normal string<<
Return	>>Normal string<<
Return	>>Normal string<<
Return	>>Normal string<<
Dump	======================================
Return	[`c, `b, `a, `d]
Return	[`a, `b, `c, `d]
Return	[`a, `b, `c, `d]
Return	[`a, `b, `c, `d]
Return	[`a, `b, `d, `c]
Return	[`a, `b, `c, `d]
Dump	======================================
Return	LILO
Return	GRUB
Return	zipl
Return	boot loader
Dump	======================================
Return	["/dev/hda1", "/vmlinuz"]
Return	["/dev/hda2", "/"]
Return	["/dev/hda2", "/vmlinuz"]
Return	[]
Return	["/dev/hda1", "/"]
Return	["/dev/hda1", "/"]
Dump	======================================
Return	/boot/vmlinuz
Return	/
Return	/vmlinuz
Return	/dev/null
Return	/boot/
Dump	======================================
Return	true
Return	false
Return	false
Return	false
Return	false
Dump	======================================
Execute	.target.bash_output "ls -ln /dev/hda" $["exit":0, "stdout":"brw-rw----    1 0        6          3,   0 2003-03-14 14:07 /dev/hda"]
Return	0300
Dump	======================================
