Read	.probe.architecture "i386"
Read	.probe.has_apm true
Read	.probe.has_pcmcia false
Read	.probe.has_smp false
Read	.probe.system []
Read	.target.size "/etc/install.inf" -1
Read	.target.tmpdir "/tmp/"
Read	.sysconfig.console.CONSOLE_ENCODING ""
Execute	.target.bash_output "locale -k charmap" $[]
Read	.proc.cpuinfo.value."0"."flags" ""
Read	.probe.memory []
Read	.probe.floppy.manual []
Read	.probe.cdrom.manual []
Return	
Return	simple_string
Return	unquoted string
Return	quoted string
Return	  unstripped quoted string 
Return	string with backslash \ and spaces
Return	string with escaped " quote
Return	5
