Read	.probe.architecture "i386"
Read	.probe.has_apm true
Read	.probe.has_pcmcia false
Read	.probe.has_smp false
Read	.probe.system []
Read	.target.size "/etc/install.inf" -1
Read	.target.tmpdir "/tmp/"
Read	.sysconfig.console.CONSOLE_ENCODING ""
Execute	.target.bash_output "locale -k charmap" $[]
Read	.proc.cpuinfo.value."0"."flags" ""
Read	.probe.memory []
Read	.probe.floppy.manual []
Read	.probe.cdrom.manual []
Read	.target.string "/boot/grub/device.map" "(hd0)\t/dev/hda\n(hd1)\t/dev/ida/c0d0\n(fd0)\t/dev/fd0\n"
Return	[["(hd0)", "/dev/hda"], ["(hd1)", "/dev/ida/c0d0"], ["(fd0)", "/dev/fd0"]]
Return	(hd0)
Return	(hd0,0)
Return	(hd0,11)
Return	(hd1)
Return	(hd1,0)
Return	(hd1,11)
Return	(fd0)
