Read	.probe.architecture "i386"
Read	.probe.has_apm true
Read	.probe.has_pcmcia false
Read	.probe.has_smp false
Read	.probe.system []
Read	.target.size "/etc/install.inf" -1
Read	.target.tmpdir "/tmp/"
Read	.etc.install_inf.Cmdline ""
Read	.proc.cpuinfo.value.0."flags" ""
Read	.probe.memory []
Read	.probe.cpu []
Read	.probe.floppy.manual []
Read	.probe.cdrom.manual []
Read	.sysconfig.console.CONSOLE_FONT ""
Read	.sysconfig.console.CONSOLE_SCREENMAP ""
Read	.sysconfig.console.CONSOLE_UNICODEMAP ""
Read	.sysconfig.console.CONSOLE_MAGIC ""
Read	.sysconfig.console.CONSOLE_ENCODING ""
Read	.target.tmpdir "/tmp/"
Dump	======================================
Dump	W1
Return	nil
Dump	W1
Dump	W2
Return	nil
Dump	W2
Return	nil
Dump	======================================
Return	>>H1<<
Return	>>H1\nH2<<
Return	>>H2<<
Return	>><<
Dump	======================================
Dump	TRUE
Return	true
Dump	FALSE
Return	false
Return	true
Return	true
Return	true
Return	true
Dump	======================================
Dump	TRUE
Dump	TRUE
Return	true
Dump	FALSE
Return	false
Dump	TRUE
Dump	FALSE
Return	false
Dump	FALSE
Return	false
Dump	======================================
Dump	TRUE
Return	true
Dump	FALSE
Return	false
Dump	TRUE
Return	true
Dump	FALSE
Return	false
Dump	======================================
Dump	FALSE
Return	false
Dump	FALSE
Return	false
Dump	TRUE
Dump	FALSE
Return	false
Dump	FALSE
Return	false
Dump	FALSE
Return	false
Dump	FALSE
Return	false
Dump	FALSE
Return	false
Dump	FALSE
Return	false
Dump	======================================
Return	[`abort, `accept, `apply, `back, `e1, `e2, `e3, `next, `ok]
Return	[`abort, `accept, `apply, `back, `e1, `e2, `next, `ok]
Return	[`abort, `accept, `apply, `back, `next, `ok]
Return	[`abort, `accept, `apply, `back, `cancel, `next, `ok]
Dump	======================================
Dump	H1
Dump	H2
Return	`op
Dump	H1
Dump	H3
Return	`op
Dump	H1
Dump	H4
Return	`op2
Dump	H3
Dump	H2
Return	`op
Dump	H4
Dump	H2
Return	`op2
Dump	H3
Dump	H4
Return	`op2
Dump	H4
Dump	H3
Return	`op2
Dump	H4
Dump	H6
Return	`op
Dump	======================================
