Return	[]
Return	["label"]
Return	[]
Return	["change-rules"]
Return	[]
