Return	[`item (`id ("opt1"), "opt1", "val1"), `item (`id ("opt2"), "opt2", "val2")]
