Return	[2, 4]
Return	[]
Return	[]
Return	[]
Return	[1, 3]
Return	[2, 2, 2]
Return	[]
