Read	.probe.architecture "i386"
Read	.probe.has_apm true
Read	.probe.has_pcmcia false
Read	.probe.has_smp false
Read	.probe.system []
Read	.etc.fstab []
Read	.target.string "/etc/grub.conf" "root (hd0,0)\ninstall /grub/stage1 d (hd0) /grub/stage2 0x8000 (hd0,0)/grub/menu.lst\nquit"
Read	.probe.disk []
Read	.probe.boot_arch "grub"
Read	.target.size "/etc/sysconfig/bootloader" 0
Read	.target.string "/etc/grub.conf" "root (hd0,0)\ninstall /grub/stage1 d (hd0) /grub/stage2 0x8000 (hd0,0)/grub/menu.lst\nquit\n"
Return	$["addr":"0x8000", "device":"(hd0)", "discswitch":true, "menu":"(hd0,0)/grub/menu.lst", "root":"(hd0,0)", "stage1":"/grub/stage1", "stage2":"/grub/stage2"]
Read	.target.string "/etc/grub.conf" "root (hd0,0)\ninstall --stage2=/boot/grub/stage2 /grub/stage1 d (hd0) /grub/stage2 0x8000 (hd0,0)/grub/menu.lst\nquit\n"
Return	$["addr":"0x8000", "device":"(hd0)", "discswitch":true, "menu":"(hd0,0)/grub/menu.lst", "root":"(hd0,0)", "s2prefix":"--stage2=/boot/grub/stage2", "stage1":"/grub/stage1", "stage2":"/grub/stage2"]
Return	["root (hd0,0)", "install --stage2=/boot/grub/stage2 /grub/stage1 d (hd0) /grub/stage2 0x8000 (hd0,0)/grub/menu.lst", "quit", ""]
