Return	$[]
Return	$["a":"b", "c":"d"]
Return	$["a":"b"]
Return	$[]
