Return	aaa
Return	
Return	aaaaaa
Return	xep
Return	abcd
Return	ABCD
Return	
