Dump	======================================
Return	[$["key":"title", "value":"Previous Kernel"], $["key":"kernel", "value":"vmlinuz.previous"], $["key":"initrd", "value":"initrd.previous"], $["key":"__intern__", "value":$["type":"previous"]]]
Return	[$["key":"title", "value":"Previous Kernel"], $["key":"kernel", "value":"/boot/vmlinuz.previous"], $["key":"initrd", "value":"/boot/initrd.previous"], $["key":"__intern__", "value":$["type":"previous"]]]
Return	[$["key":"title", "value":"Previous Kernel"], $["key":"kernel", "value":"(hd0,0)/boot/vmlinuz.previous root=/dev/hda1"], $["key":"initrd", "value":"(hd0,0)/boot/initrd.previous"], $["key":"__intern__", "value":$["type":"previous"]]]
Return	[$["key":"title", "value":"Previous Kernel"], $["key":"kernel", "value":"(hd0,0)/boot/vmlinuz.previous root=/dev/hda1"], $["key":"initrd", "value":"(hd0,0)/boot/initrd.previous"], $["key":"__intern__", "value":$["type":"previous"]]]
Dump	======================================
Log	Incorrect translation Linux -> 
Log	Incorrect translation Disketa -> 
Return	nil
Dump	[[$["key":"title", "value":"Linux"], $["key":"kernel", "value":"(hd0,0)/vmlinuz root=/dev/hda3 desktop"], $["key":"initrd", "value":"(hd0,0)/initrd"], $["key":"__intern__", "value":$["type":"linux"]]], [$["key":"title", "value":"Disketa"], $["key":"root", "value":"(fd0)"], $["key":"chainloader", "value":"+1"], $["key":"__intern__", "value":$["type":"floppy"]]], [$["key":"title", "value":"Previous Kernel"], $["key":"kernel", "value":"(hd0,0)/vmlinuz.previous root=/dev/hda3 desktop"], $["key":"initrd", "value":"(hd0,0)/initrd.previous"], $["key":"__intern__", "value":$["type":"previous"]]]]
Dump	3
Dump	======================================
Log	Incorrect translation Linux -> 
Log	Incorrect translation Disketa -> 
Return	nil
Dump	[[$["key":"title", "value":"Linux"], $["key":"kernel", "value":"(hd0,0)/vmlinuz root=/dev/hda3 desktop"], $["key":"initrd", "value":"(hd0,0)/initrd"], $["key":"__intern__", "value":$["type":"linux"]]], [$["key":"title", "value":"Disketa"], $["key":"root", "value":"(fd0)"], $["key":"chainloader", "value":"+1"], $["key":"__intern__", "value":$["type":"floppy"]]], [$["key":"title", "value":"Previous Kernel"], $["key":"kernel", "value":"(hd0,0)/vmlinuz.previous root=/dev/hda3 desktop"], $["key":"initrd", "value":"(hd0,0)/initrd.previous"], $["key":"__intern__", "value":$["type":"previous"]]]]
Dump	3
Dump	======================================
Log	Incorrect translation Linux -> 
Log	Incorrect translation Disketa -> 
Return	nil
Dump	[[$["key":"title", "value":"Linux"], $["key":"kernel", "value":"(hd0,0)/vmlinuz root=/dev/hda3 desktop"], $["key":"initrd", "value":"(hd0,0)/initrd"], $["key":"__intern__", "value":$["type":"linux"]]], [$["key":"title", "value":"Disketa"], $["key":"root", "value":"(fd0)"], $["key":"chainloader", "value":"+1"], $["key":"__intern__", "value":$["type":"floppy"]]], [$["key":"title", "value":"Previous Kernel"], $["key":"kernel", "value":"(hd0,0)/vmlinuz.previous root=/dev/hda3 desktop"], $["key":"initrd", "value":"(hd0,0)/initrd.previous"], $["key":"__intern__", "value":$["type":"previous"]]]]
Dump	3
Dump	======================================
