Return	(hd0)
Return	(hd0,0)
Return	(hd0,11)
Return	(hd1)
Return	(hd1,0)
Return	(hd1,11)
Return	(fd0)
